
======================================================================
­ƒÜÇ TESTING FinanceGPT Advanced - Nivel Claude
======================================================================


Ô£à TEST 1: Manejo de Crisis - Usuario en P├ínico
----------------------------------------------------------------------
­ƒôØ Mensaje: "Mi portafolio acaba de caer 30% en una semana, ┬┐qu├® hago ahora?? Es una emergencia!"

­ƒºá An├ílisis Detectado:
  ÔÇó Tipo de Consulta: asesor├¡a
  ÔÇó Nivel de Conocimiento: intermedio
  ÔÇó Estado Emocional: p├ínico
  ÔÇó Urgencia: critical
  ÔÇó Necesidades Latentes: comparativa_estructurada, matriz_decisi├│n
  ÔÇó Asuntos Detectados: ninguno

­ƒÆ¼ Tipo de Respuesta: crisis_handler
­ƒôè Prioridad: critical

­ƒôä Respuesta (primeros 300 caracteres):
­ƒøæ Entiendo que esto sea cr├¡tico. Voy directo al grano:

**PRIMERO - Lo Inmediato:**
1. No hagas nada irreversible en el pr├│ximo 1 hora
2. Respira. Las decisiones en p├ínico casi siempre son malas
3. Toma caf├®/agua. Baja la adrenalina

**SEGUNDO - El Contexto Que Necesito:**
┬┐Cu├índo necesitas acceso ...

­ƒöù Preguntas de Seguimiento Sugeridas:
   ÔÇó ┬┐Cu├índo necesitas el dinero?
   ÔÇó ┬┐Es un problema de liquidez o valoraci├│n?

Ô£¿ Comportamiento Esperado: Respuesta emp├ítica, estructurada, prioriza calmar y aclarar horizonte temporal
Ô£ô PAS├ô


Ô£à TEST 2: Usuario Principiante Ansioso
----------------------------------------------------------------------
­ƒôØ Mensaje: "Estoy muy preocupado por perder dinero. Nunca he invertido antes. ┬┐Qu├® es seguro?"

­ƒºá An├ílisis Detectado:
  ÔÇó Tipo de Consulta: educativa
  ÔÇó Nivel de Conocimiento: principiante
  ÔÇó Estado Emocional: ansioso
  ÔÇó Urgencia: low
  ÔÇó Necesidades Latentes: ninguna
  ÔÇó Asuntos Detectados: absolutos_financieros

­ƒÆ¼ Tipo de Respuesta: anxiety_handler
­ƒôè Prioridad: high

­ƒôä Respuesta (primeros 300 caracteres):
­ƒÿö Entiendo la preocupaci├│n. Es completamente v├ílida.

**Lo Que Estoy Escuchando:**
Tu preocupaci├│n es sobre: [tus inversiones]
Tu incertidumbre es: ansioso

**Mi Perspectiva:**
La ansiedad en finanzas es NORMAL. Significa que tomas en serio tu dinero.
Lo importante es que tu ESTRATEGIA sea s├│lida, ...

­ƒöù Preguntas de Seguimiento Sugeridas:
   ÔÇó ┬┐C├│mo aplico esto en mi situaci├│n?
   ÔÇó ┬┐Cu├íl es el riesgo?

Ô£¿ Comportamiento Esperado: Explicaci├│n simple, empat├¡a, validaci├│n emocional, educaci├│n base
Ô£ô PAS├ô


Ô£à TEST 3: Usuario Avanzado, Pregunta Estrat├®gica
----------------------------------------------------------------------
­ƒôØ Mensaje: "Estoy analizando correlaciones de mi portafolio. ┬┐Deber├¡a considerar factor investing o mantener 60/40 tradicional?"

­ƒºá An├ílisis Detectado:
  ÔÇó Tipo de Consulta: asesor├¡a
  ÔÇó Nivel de Conocimiento: experto
  ÔÇó Estado Emocional: neutral
  ÔÇó Urgencia: low
  ÔÇó Necesidades Latentes: ninguna
  ÔÇó Asuntos Detectados: ninguno

­ƒÆ¼ Tipo de Respuesta: advisory_handler
­ƒôè Prioridad: high

­ƒôä Respuesta (primeros 300 caracteres):
­ƒÆí Esta es una decisi├│n importante. Voy a ayudarte a pensar.

**Antes de Decidir:**

1´©ÅÔâú **┬┐Cu├íl es tu Horizonte?**
   Necesito saber esto
   Por qu├®: determina TODO

2´©ÅÔâú **┬┐Cu├íl es tu Tolerancia al Riesgo?**
   ┬┐C├│mo dormir├¡as si tu inversi├│n baja 20%?
   - Normal: necesitas m├ís riesgo
   - Inc├│mod...


Ô£¿ Comportamiento Esperado: Lenguaje t├®cnico, an├ílisis profundo, matriz de decisi├│n, opciones estruturadas
Ô£ô PAS├ô


Ô£à TEST 4: Pregunta Especulativa - "┬┐Qu├® Pasa Si?"
----------------------------------------------------------------------
­ƒôØ Mensaje: "┬┐Qu├® pasa si la inflaci├│n sigue en 5%? ┬┐C├│mo afecta a mis inversiones en bonos?"

­ƒºá An├ílisis Detectado:
  ÔÇó Tipo de Consulta: especulativa
  ÔÇó Nivel de Conocimiento: intermedio
  ÔÇó Estado Emocional: neutral
  ÔÇó Urgencia: low
  ÔÇó Necesidades Latentes: comparativa_estructurada, matriz_decisi├│n
  ÔÇó Asuntos Detectados: ninguno

­ƒÆ¼ Tipo de Respuesta: speculative_handler
­ƒôè Prioridad: low

­ƒôä Respuesta (primeros 300 caracteres):
­ƒñö Pregunta "┬┐Qu├® pasa si...?" Buena. Voy a pensar en escenarios.

**3 Escenarios Posibles:**

­ƒôê **Escenario Alcista:**
- Condiciones: [X]
- Probabilidad: ~30-40%
- Implicaci├│n: [Y]

ÔÜû´©Å **Escenario Base:**
- Condiciones: [X]
- Probabilidad: ~40-50%
- Implicaci├│n: [Y]

­ƒôë **Escenario Bajista:**
- Co...


Ô£¿ Comportamiento Esperado: Escenarios m├║ltiples, an├ílisis de sensibilidad, implicaciones pr├ícticas
Ô£ô PAS├ô


Ô£à TEST 5: Comparativa Aciones vs ETFs
----------------------------------------------------------------------
­ƒôØ Mensaje: "┬┐Cu├íl es mejor: invertir en acciones individuales o ETFs? Soy intermedio."

­ƒºá An├ílisis Detectado:
  ÔÇó Tipo de Consulta: comparativa
  ÔÇó Nivel de Conocimiento: avanzado
  ÔÇó Estado Emocional: neutral
  ÔÇó Urgencia: low
  ÔÇó Necesidades Latentes: ninguna
  ÔÇó Asuntos Detectados: ninguno

­ƒÆ¼ Tipo de Respuesta: comparative_handler
­ƒôè Prioridad: medium

­ƒôä Respuesta (primeros 300 caracteres):
ÔÜû´©Å Voy a comparar opciones de forma profesional.

**ACCIONES INDIVIDUALES vs ETFs**

­ƒôè **Matriz de Decisi├│n:**
| Factor | Acciones | ETFs |
|--------|----------|------|
| Control | Alto | Bajo (├¡ndice) |
| Diversificaci├│n | Manual | Autom├ítica |
| Comisiones | Variables | 0.03%-0.50% |
| Investigac...


Ô£¿ Comportamiento Esperado: Matriz de comparaci├│n, pros/contras, recomendaci├│n contextualizada
Ô£ô PAS├ô


Ô£à TEST 6: Pregunta Filos├│fica sobre Dinero
----------------------------------------------------------------------
­ƒôØ Mensaje: "┬┐Vale la pena invertir si el mercado es tan incierto? ┬┐No es m├ís seguro guardar en cash?"

­ƒºá An├ílisis Detectado:
  ÔÇó Tipo de Consulta: anal├¡tica
  ÔÇó Nivel de Conocimiento: intermedio
  ÔÇó Estado Emocional: ansioso
  ÔÇó Urgencia: low
  ÔÇó Necesidades Latentes: comparativa_estructurada, matriz_decisi├│n
  ÔÇó Asuntos Detectados: ninguno

­ƒÆ¼ Tipo de Respuesta: anxiety_handler
­ƒôè Prioridad: high

­ƒôä Respuesta (primeros 300 caracteres):
­ƒÿö Entiendo la preocupaci├│n. Es completamente v├ílida.

**Lo Que Estoy Escuchando:**
Tu preocupaci├│n es sobre: [tus inversiones]
Tu incertidumbre es: ansioso

**Mi Perspectiva:**
La ansiedad en finanzas es NORMAL. Significa que tomas en serio tu dinero.
Lo importante es que tu ESTRATEGIA sea s├│lida, ...

­ƒöù Preguntas de Seguimiento Sugeridas:
   ÔÇó ┬┐Cu├ínto dinero necesito?
   ÔÇó ┬┐Cu├íl es el riesgo?

Ô£¿ Comportamiento Esperado: Perspectiva profunda, validaci├│n de paradoja, an├ílisis de trade-offs
Ô£ô PAS├ô


Ô£à TEST 7: Usuario Confundido - Necesita Claridad
----------------------------------------------------------------------
­ƒôØ Mensaje: "No entiendo c├│mo funciona la diversificaci├│n. Si compro muchas acciones, ┬┐estoy diversificado?"

­ƒºá An├ílisis Detectado:
  ÔÇó Tipo de Consulta: educativa
  ÔÇó Nivel de Conocimiento: avanzado
  ÔÇó Estado Emocional: neutral
  ÔÇó Urgencia: low
  ÔÇó Necesidades Latentes: ninguna
  ÔÇó Asuntos Detectados: ninguno

­ƒÆ¼ Tipo de Respuesta: educational_handler
­ƒôè Prioridad: low

­ƒôä Respuesta (primeros 300 caracteres):
­ƒÄô **AN├üLISIS T├ëCNICO:**

Desde perspectiva t├®cnica:

ÔÇó Considera el alpha/beta de la estrategia
ÔÇó Analiza la correlaci├│n con tu cartera existente
ÔÇó Valida con backtesting hist├│rico
ÔÇó Aseg├║rate de edge sostenible

┬┐Tiene sentido? ┬┐Qu├® parte quieres profundizar?...

­ƒöù Preguntas de Seguimiento Sugeridas:
   ÔÇó ┬┐C├│mo aplico esto?
   ÔÇó ┬┐Cu├íl es el riesgo?

Ô£¿ Comportamiento Esperado: Explicaci├│n con analog├¡as, divisi├│n en pasos, preguntas clarificadoras
Ô£ô PAS├ô


Ô£à TEST 8: Conversaci├│n Multi-turno (Follow-up)
----------------------------------------------------------------------
­ƒôØ Primer mensaje: "┬┐Qu├® es un ETF?"
Ô£ô Respuesta identific├│: avanzado

­ƒôØ Segundo mensaje: "┬┐C├│mo compro uno entonces?"
Ô£ô Follow-up detectado: new_topic
Ô£ô Tipo de respuesta: educational_handler
Ô£ô Sistema record├│ contexto: NO
Ô£ô PAS├ô


Ô£à TEST 9: Detecci├│n de Supuestos Peligrosos
----------------------------------------------------------------------
­ƒôØ Mensaje: "Bitcoin siempre sube a largo plazo, as├¡ que voy a poner todo mi dinero en crypto"

­ƒºá An├ílisis Detectado:
  ÔÇó Tipo de Consulta: educativa
  ÔÇó Nivel de Conocimiento: intermedio
  ÔÇó Estado Emocional: neutral
  ÔÇó Urgencia: low
  ÔÇó Necesidades Latentes: contexto_hist├│rico, proyecciones_realistas
  ÔÇó Asuntos Detectados: absolutos_financieros

­ƒÆ¼ Tipo de Respuesta: educational_handler
­ƒôè Prioridad: low

­ƒôä Respuesta (primeros 300 caracteres):
­ƒôÜ **EXPLICACI├ôN BALANCEADA:**

Aqu├¡ est├í el an├ílisis equilibrado:

1. El concepto base: [explicaci├│n clara]
2. Por qu├® importa: [relevancia pr├íctica]
3. C├│mo lo usas: [pasos concretos]

┬┐Tiene sentido? ┬┐Qu├® parte quieres profundizar?...

­ƒöù Preguntas de Seguimiento Sugeridas:
   ÔÇó ┬┐C├│mo aplico esto?
   ÔÇó ┬┐Cu├íl es el riesgo?

Ô£¿ Comportamiento Esperado: Identifica supuesto absoluto, cuestiona con educaci├│n, proporciona perspectiva equilibrada
Ô£ô PAS├ô


Ô£à TEST 10: Inferencia de Necesidades Latentes
----------------------------------------------------------------------
­ƒôØ Mensaje: "Tengo $50,000 que quiero invertir pero no s├® por d├│nde empezar"

­ƒºá An├ílisis Detectado:
  ÔÇó Tipo de Consulta: educativa
  ÔÇó Nivel de Conocimiento: intermedio
  ÔÇó Estado Emocional: incierto
  ÔÇó Urgencia: low
  ÔÇó Necesidades Latentes: educaci├│n_base, opciones_pr├ícticas, estructura_paso_a_paso, an├ílisis_personalizado, recomendaciones_espec├¡ficas
  ÔÇó Asuntos Detectados: ninguno

­ƒÆ¼ Tipo de Respuesta: uncertainty_handler
­ƒôè Prioridad: medium

­ƒôä Respuesta (primeros 300 caracteres):
­ƒñö Veo que hay confusi├│n. D├®jame traer claridad.

**Primero, Validemos:**
La incertidumbre en finanzas es sana. Solo tontos o desinformados est├ín 100% seguros.

**Segundo, Identifiquemos:**
**Tercero, Dividamos el Problema:**
1. ┬┐Cu├íl parte te confunde m├ís?
2. ┬┐Qu├® necesitas entender?
...


Ô£¿ Comportamiento Esperado: Detecta: educaci├│n base, opciones pr├ícticas, estructura paso-a-paso, an├ílisis personalizado
Ô£ô PAS├ô


======================================================================
­ƒôè RESUMEN DE RESULTADOS
======================================================================

Ô£à Tests Completados: 10
Ô£à An├ílisis Contextual: SOFISTICADO
Ô£à Detecci├│n de Emociones: AVANZADA
Ô£à Inferencia de Necesidades: ACTIVA
Ô£à Manejo de Crisis: PROFESIONAL
Ô£à Versatilidad Conversacional: NIVEL CLAUDE
Ô£à Respuestas Estructuradas: PROFESIONALES

­ƒÄ» FinanceGPT Advanced est├í listo para producci├│n

======================================================================

